[02Jun2026 23:08:57.823] [main/INFO] [net.neoforged.fml.startup.Entrypoint/]: JVM Uptime at startup: 228ms
[02Jun2026 23:08:57.849] [main/INFO] [net.neoforged.fml.loading.FMLLoader/]: Starting FancyModLoader version 11.0.13 (CLIENT in DEV)
[02Jun2026 23:08:57.850] [main/INFO] [net.neoforged.fml.loading.FMLLoader/]: Game directory: C:\Users\Minecraft Dev\Desktop\Texture-Archive\run
[02Jun2026 23:08:57.958] [main/INFO] [net.neoforged.fml.loading.EarlyServiceDiscovery/]: Found 2 early service jars (out of 107) in 46ms
[02Jun2026 23:08:57.960] [main/INFO] [net.neoforged.fml.loading.FMLLoader/]: Loading FML Early Services:
[02Jun2026 23:08:57.961] [main/INFO] [net.neoforged.fml.loading.FMLLoader/]:  - C:/Users/Minecraft Dev/.gradle/caches/modules-2/files-2.1/net.neoforged.fancymodloader/loader/11.0.13/c9c89eaf35535990110088224d188748d81eaecf/loader-11.0.13.jar
[02Jun2026 23:08:57.962] [main/INFO] [net.neoforged.fml.loading.FMLLoader/]:  - C:/Users/Minecraft Dev/.gradle/caches/modules-2/files-2.1/net.neoforged.fancymodloader/earlydisplay/11.0.13/491a1bedecb33802fa118cae384b60f91f6f0241/earlydisplay-11.0.13.jar
[02Jun2026 23:08:57.971] [main/INFO] [net.neoforged.fml.loading.ImmediateWindowHandler/]: Loading ImmediateWindowProvider fmlearlywindow
[02Jun2026 23:08:59.043] [ForkJoinPool.commonPool-worker-6/INFO] [net.neoforged.fml.loading.moddiscovery.locators.GameLocator/]: Detected a joined NeoForge and Minecraft configuration. Applying filtering...
[02Jun2026 23:08:59.085] [fml-loadingscreen/INFO] [net.neoforged.fml.earlydisplay.render.LoadingScreenRenderer/]: GL info: Intel(R) RaptorLake-S Mobile Graphics Controller GL version 3.3.0 - Build 32.0.101.6733, Intel
[02Jun2026 23:08:59.178] [ForkJoinPool.commonPool-worker-6/INFO] [net.neoforged.fml.loading.moddiscovery.locators.InDevFolderLocator/CORE]: Got mod coordinates texturemod%%C:\Users\Minecraft Dev\Desktop\Texture-Archive\build\classes\java\main;texturemod%%C:\Users\Minecraft Dev\Desktop\Texture-Archive\build\resources\main from env
[02Jun2026 23:08:59.432] [ForkJoinPool.commonPool-worker-6/INFO] [net.neoforged.fml.loading.moddiscovery.locators.JarInJarDependencyLocator/]: Found 2 dependencies adding them to mods collection
[02Jun2026 23:08:59.436] [ForkJoinPool.commonPool-worker-6/INFO] [net.neoforged.fml.loading.moddiscovery.ModDiscoverer/]: 
     Mod List:
		Name Version (Mod Id)

		Minecraft 26.1.2 (minecraft)
		NeoForge 26.1.2.68-beta (neoforge)
		Texture Archive 1.0.0-26.1.2 (texturemod)
[02Jun2026 23:08:59.792] [main/INFO] [mixin/]: SpongePowered MIXIN Subsystem Version=0.8.7 Source=file:/C:/Users/Minecraft%20Dev/.gradle/caches/modules-2/files-2.1/net.fabricmc/sponge-mixin/0.17.3+mixin.0.8.7/41c4a3984a80f4679e759fb9f495587acc5cdac7/sponge-mixin-0.17.3+mixin.0.8.7.jar Service=FML Env=CLIENT
[02Jun2026 23:08:59.829] [main/INFO] [net.neoforged.fml.loading.FMLLoader/]: Loading FML Plugins:
[02Jun2026 23:08:59.830] [main/INFO] [net.neoforged.fml.loading.FMLLoader/]:  - C:/Users/Minecraft Dev/.gradle/caches/modules-2/files-2.1/net.neoforged/neoforge/26.1.2.68-beta/5fbc2ea60176567d80eba088036bac9a3fbfb63/neoforge-26.1.2.68-beta-universal.jar > net.neoforged.neoforge-coremods-26.1.2.68-beta.jar
[02Jun2026 23:08:59.945] [main/INFO] [net.neoforged.fml.loading.FMLLoader/]: Building game content classloader:
 - minecraft (composite(filtered(jar(C:/Users/Minecraft Dev/Desktop/Texture-Archive/build/moddev/artifacts/minecraft-patched-26.1.2.68-beta.jar)), filtered(jar(C:/Users/Minecraft Dev/Desktop/Texture-Archive/build/moddev/artifacts/minecraft-patched-26.1.2.68-beta.jar))))
 - mixinextras.neoforge (jar(C:/Users/Minecraft Dev/.gradle/caches/modules-2/files-2.1/net.neoforged/neoforge/26.1.2.68-beta/5fbc2ea60176567d80eba088036bac9a3fbfb63/neoforge-26.1.2.68-beta-universal.jar > mixinextras-neoforge-0.5.4.jar))
 - neoforge (composite(filtered(jar(C:/Users/Minecraft Dev/.gradle/caches/modules-2/files-2.1/net.neoforged/neoforge/26.1.2.68-beta/5fbc2ea60176567d80eba088036bac9a3fbfb63/neoforge-26.1.2.68-beta-universal.jar))))
 - net.neoforged.fml.generated (empty(VirtualJar/net.neoforged.fml.generated))
 - texturemod (composite(folder(C:/Users/Minecraft Dev/Desktop/Texture-Archive/build/classes/java/main), folder(C:/Users/Minecraft Dev/Desktop/Texture-Archive/build/resources/main)))
[02Jun2026 23:08:59.962] [main/INFO] [net.neoforged.fml.loading.FMLLoader/]: Built game content classloader in 28ms
[02Jun2026 23:09:00.044] [main/INFO] [mixin/]: Compatibility level set to JAVA_25
[02Jun2026 23:09:01.865] [Datafixer Bootstrap/INFO] [com.mojang.datafixers.DataFixerBuilder/]: 294 Datafixer optimizations took 467 milliseconds
[02Jun2026 23:09:02.076] [pool-8-thread-1/INFO] [MixinExtras|Service/]: Initializing MixinExtras via com.llamalad7.mixinextras.service.MixinExtrasServiceImpl(version=0.5.4).
[02Jun2026 23:09:08.219] [main/WARN] [net.minecraft.commands.Commands/]: Ambiguity between arguments [teleport, location] and [teleport, destination] with inputs: [0.1 -0.5 .9, 0 0 0]
[02Jun2026 23:09:08.222] [main/WARN] [net.minecraft.commands.Commands/]: Ambiguity between arguments [teleport, location] and [teleport, targets] with inputs: [0.1 -0.5 .9, 0 0 0]
[02Jun2026 23:09:08.225] [main/WARN] [net.minecraft.commands.Commands/]: Ambiguity between arguments [teleport, destination] and [teleport, targets] with inputs: [Player, 0123, @e, dd12be42-52a9-4a91-a8a1-11c01849e498]
[02Jun2026 23:09:08.227] [main/WARN] [net.minecraft.commands.Commands/]: Ambiguity between arguments [teleport, targets] and [teleport, destination] with inputs: [Player, 0123, dd12be42-52a9-4a91-a8a1-11c01849e498]
[02Jun2026 23:09:08.229] [main/WARN] [net.minecraft.commands.Commands/]: Ambiguity between arguments [teleport, targets, location] and [teleport, targets, destination] with inputs: [0.1 -0.5 .9, 0 0 0]
[02Jun2026 23:09:08.231] [main/WARN] [net.minecraft.commands.Commands/]: Ambiguity between arguments [time, set, time] and [time, set, timemarker] with inputs: [0, 0s, 0d, 0t]
[02Jun2026 23:09:08.232] [main/WARN] [net.minecraft.commands.Commands/]: Ambiguity between arguments [time, set, timemarker] and [time, set, time] with inputs: [012]
[02Jun2026 23:09:08.234] [main/WARN] [net.minecraft.commands.Commands/]: Ambiguity between arguments [time, of, clock, set, time] and [time, of, clock, set, timemarker] with inputs: [0, 0s, 0d, 0t]
[02Jun2026 23:09:08.235] [main/WARN] [net.minecraft.commands.Commands/]: Ambiguity between arguments [time, of, clock, set, timemarker] and [time, of, clock, set, time] with inputs: [012]
[02Jun2026 23:09:08.237] [main/WARN] [net.minecraft.commands.Commands/]: Ambiguity between arguments [waypoint, modify, waypoint, color, reset] and [waypoint, modify, waypoint, color, color] with inputs: [reset]
[02Jun2026 23:09:08.321] [modloading-worker-0/INFO] [net.neoforged.neoforge.common.NeoForgeMod/NEOFORGE-MOD]: NeoForge mod loading, version 26.1.2.68-beta, for MC 26.1.2
[02Jun2026 23:09:09.252] [Render thread/INFO] [com.mojang.authlib.yggdrasil.YggdrasilAuthenticationService/]: Environment: Environment[sessionHost=https://sessionserver.mojang.com, servicesHost=https://api.minecraftservices.com, profilesHost=https://api.mojang.com, name=PROD]
[02Jun2026 23:09:09.280] [Render thread/INFO] [net.minecraft.client.Minecraft/]: Setting user: Dev
[02Jun2026 23:09:09.419] [Render thread/INFO] [net.minecraft.client.Minecraft/]: Backend library: LWJGL version 3.4.1+2
[02Jun2026 23:09:09.666] [Render thread/INFO] [net.minecraft.client.Minecraft/]: Using optional rendering extensions: GL_ARB_buffer_storage, GL_KHR_debug, GL_ARB_vertex_attrib_binding, GL_ARB_direct_state_access, GL_EXT_texture_filter_anisotropic
[02Jun2026 23:09:10.821] [modloading-worker-0/INFO] [net.pokemaniac.texturemod.TextureArchive/]: HELLO FROM CLIENT SETUP
[02Jun2026 23:09:10.821] [modloading-worker-0/INFO] [net.pokemaniac.texturemod.TextureArchive/]: MINECRAFT NAME >> Dev
[02Jun2026 23:09:10.906] [Render thread/INFO] [net.minecraft.server.packs.resources.ReloadableResourceManager/]: Reloading ResourceManager: vanilla, mod_resources, mod/texturemod, mod/neoforge
[02Jun2026 23:09:11.027] [resourceLoad/INFO] [net.minecraft.client.gui.font.providers.UnihexProvider/]: Found unifont_all_no_pua-17.0.01.hex, loading
[02Jun2026 23:09:11.031] [resourceLoad/INFO] [net.minecraft.client.gui.font.providers.UnihexProvider/]: Found unifont_pua-17.0.01.hex, loading
[02Jun2026 23:09:11.281] [resourceLoad/INFO] [net.minecraft.client.gui.font.providers.UnihexProvider/]: Found unifont_jp_patch-17.0.01.hex, loading
[02Jun2026 23:09:13.088] [Render thread/INFO] [com.mojang.blaze3d.audio.Library/]: OpenAL initialized on device OpenAL Soft on Headphones (Realtek(R) Audio)
[02Jun2026 23:09:13.092] [Render thread/INFO] [net.minecraft.client.sounds.SoundEngine/SOUNDS]: Sound engine started
[02Jun2026 23:09:13.092] [Render thread/INFO] [net.minecraft.client.renderer.texture.TextureAtlas/]: Created: 512x256x0 minecraft:textures/atlas/particles.png-atlas
[02Jun2026 23:09:13.155] [Render thread/INFO] [net.minecraft.client.renderer.texture.TextureAtlas/]: Created: 128x128x0 minecraft:textures/atlas/decorated_pot.png-atlas
[02Jun2026 23:09:13.161] [Render thread/INFO] [net.minecraft.client.renderer.texture.TextureAtlas/]: Created: 2048x1024x0 minecraft:textures/atlas/armor_trims.png-atlas
[02Jun2026 23:09:13.293] [Render thread/INFO] [net.minecraft.client.renderer.texture.TextureAtlas/]: Created: 512x256x0 minecraft:textures/atlas/paintings.png-atlas
[02Jun2026 23:09:13.307] [Render thread/INFO] [net.minecraft.client.renderer.texture.TextureAtlas/]: Created: 1024x512x0 minecraft:textures/atlas/shield_patterns.png-atlas
[02Jun2026 23:09:13.324] [Render thread/INFO] [net.minecraft.client.renderer.texture.TextureAtlas/]: Created: 2048x2048x4 minecraft:textures/atlas/blocks.png-atlas
[02Jun2026 23:09:14.508] [Render thread/INFO] [net.minecraft.client.renderer.texture.TextureAtlas/]: Created: 512x512x0 minecraft:textures/atlas/chest.png-atlas
[02Jun2026 23:09:14.528] [Render thread/INFO] [net.minecraft.client.renderer.texture.TextureAtlas/]: Created: 256x128x0 minecraft:textures/atlas/celestials.png-atlas
[02Jun2026 23:09:14.537] [Render thread/INFO] [net.minecraft.client.renderer.texture.TextureAtlas/]: Created: 1024x512x0 minecraft:textures/atlas/banner_patterns.png-atlas
[02Jun2026 23:09:14.578] [Render thread/INFO] [net.minecraft.client.renderer.texture.TextureAtlas/]: Created: 512x512x0 minecraft:textures/atlas/beds.png-atlas
[02Jun2026 23:09:14.596] [Render thread/INFO] [net.minecraft.client.renderer.texture.TextureAtlas/]: Created: 1024x512x0 minecraft:textures/atlas/items.png-atlas
[02Jun2026 23:09:14.961] [Render thread/INFO] [net.minecraft.client.renderer.texture.TextureAtlas/]: Created: 1024x1024x0 minecraft:textures/atlas/gui.png-atlas
[02Jun2026 23:09:15.136] [Render thread/INFO] [net.minecraft.client.renderer.texture.TextureAtlas/]: Created: 128x64x0 minecraft:textures/atlas/map_decorations.png-atlas
[02Jun2026 23:09:15.148] [Render thread/INFO] [net.minecraft.client.renderer.texture.TextureAtlas/]: Created: 512x256x0 minecraft:textures/atlas/signs.png-atlas
[02Jun2026 23:09:15.159] [Render thread/INFO] [net.minecraft.client.renderer.texture.TextureAtlas/]: Created: 512x512x0 minecraft:textures/atlas/shulker_boxes.png-atlas
[02Jun2026 23:09:15.335] [Render thread/INFO] [net.neoforged.neoforge.client.entity.animation.json.AnimationLoader/]: Loaded 0 entity animations
[02Jun2026 23:09:22.723] [Render thread/INFO] [net.minecraft.world.item.crafting.RecipeManager/]: Loaded 1531 recipes
[02Jun2026 23:09:22.735] [Render thread/INFO] [net.minecraft.advancements.AdvancementTree/]: Loaded 1633 advancements
[02Jun2026 23:09:22.738] [Render thread/INFO] [net.neoforged.neoforge.common.crafting.RecipePriorityManager/]: Loaded 0 recipe priority overrides
[02Jun2026 23:09:22.936] [Server thread/INFO] [net.minecraft.client.server.IntegratedServer/]: Starting integrated minecraft server version 26.1.2
[02Jun2026 23:09:22.936] [Server thread/INFO] [net.minecraft.server.MinecraftServer/]: Generating keypair
[02Jun2026 23:09:23.348] [Server thread/INFO] [net.minecraft.server.level.progress.LoggingLevelLoadListener/]: Loading 0 persistent chunks...
[02Jun2026 23:09:23.349] [Server thread/INFO] [net.minecraft.server.level.progress.LoggingLevelLoadListener/]: Preparing spawn area: 16%
[02Jun2026 23:09:23.359] [Server thread/INFO] [net.minecraft.server.MinecraftServer/]: Saving chunks for level 'ServerLevel[Block Test]'/minecraft:overworld
[02Jun2026 23:09:23.382] [Server thread/INFO] [net.minecraft.server.MinecraftServer/]: Saving chunks for level 'ServerLevel[Block Test]'/minecraft:the_nether
[02Jun2026 23:09:23.389] [Server thread/INFO] [net.minecraft.server.MinecraftServer/]: Saving chunks for level 'ServerLevel[Block Test]'/minecraft:the_end
[02Jun2026 23:09:23.410] [Server thread/INFO] [net.minecraft.server.MinecraftServer/]: ThreadedAnvilChunkStorage (world): All chunks are saved
[02Jun2026 23:09:23.410] [Server thread/INFO] [net.minecraft.server.MinecraftServer/]: ThreadedAnvilChunkStorage (DIM-1): All chunks are saved
[02Jun2026 23:09:23.410] [Server thread/INFO] [net.minecraft.server.MinecraftServer/]: ThreadedAnvilChunkStorage (DIM1): All chunks are saved
[02Jun2026 23:09:23.410] [Server thread/INFO] [net.minecraft.server.MinecraftServer/]: ThreadedAnvilChunkStorage: All dimensions are saved
[02Jun2026 23:09:23.415] [Server thread/INFO] [net.neoforged.neoforge.server.permission.PermissionAPI/]: Successfully initialized permission handler neoforge:default_handler
[02Jun2026 23:09:23.959] [Server thread/INFO] [net.minecraft.server.level.progress.LoggingLevelLoadListener/]: Loading 49 chunks for player spawn...
[02Jun2026 23:09:23.960] [Server thread/INFO] [net.minecraft.server.level.progress.LoggingLevelLoadListener/]: Preparing spawn area: 16%
[02Jun2026 23:09:24.172] [Server thread/INFO] [net.minecraft.server.level.progress.LoggingLevelLoadListener/]: Time elapsed: 824 ms
[02Jun2026 23:09:24.618] [Server thread/INFO] [net.minecraft.server.players.PlayerList/]: Dev[local:E:09a0568d] logged in with entity id 1 at (1.3008260787748933, -58.5, 12.595964649236953)
[02Jun2026 23:09:24.725] [Server thread/INFO] [net.minecraft.server.MinecraftServer/]: Dev joined the game
[02Jun2026 23:09:24.918] [Server thread/INFO] [net.minecraft.client.server.IntegratedServer/]: Changing view distance to 16, from 10
[02Jun2026 23:09:24.922] [Server thread/INFO] [net.minecraft.client.server.IntegratedServer/]: Changing simulation distance to 12, from 0
[02Jun2026 23:09:24.952] [Render thread/WARN] [net.minecraft.client.multiplayer.ClientPacketListener/]: Ignoring chat session from Dev due to missing Services public key
[02Jun2026 23:09:24.955] [Render thread/INFO] [net.minecraft.advancements.AdvancementTree/]: Loaded 46 advancements
[02Jun2026 23:09:25.076] [Render thread/INFO] [net.minecraft.client.renderer.DynamicUniformStorage/]: Resizing Dynamic Transforms UBO, capacity limit of 2 reached during a single frame. New capacity will be 4.
[02Jun2026 23:09:25.162] [Render thread/INFO] [net.minecraft.client.renderer.DynamicUniformStorage/]: Resizing Dynamic Transforms UBO, capacity limit of 4 reached during a single frame. New capacity will be 8.
[02Jun2026 23:09:25.367] [Render thread/INFO] [net.minecraft.client.renderer.DynamicUniformStorage/]: Resizing Chunk Sections UBO, capacity limit of 2 reached during a single frame. New capacity will be 4.
[02Jun2026 23:09:25.994] [Render thread/INFO] [net.minecraft.client.renderer.DynamicUniformStorage/]: Resizing Chunk Sections UBO, capacity limit of 4 reached during a single frame. New capacity will be 8.
[02Jun2026 23:09:26.218] [Render thread/INFO] [net.minecraft.client.renderer.DynamicUniformStorage/]: Resizing Dynamic Transforms UBO, capacity limit of 8 reached during a single frame. New capacity will be 16.
[02Jun2026 23:09:26.275] [Render thread/INFO] [net.minecraft.client.renderer.DynamicUniformStorage/]: Resizing Chunk Sections UBO, capacity limit of 8 reached during a single frame. New capacity will be 16.
[02Jun2026 23:09:26.483] [Render thread/INFO] [net.minecraft.client.renderer.DynamicUniformStorage/]: Resizing Chunk Sections UBO, capacity limit of 16 reached during a single frame. New capacity will be 32.
[02Jun2026 23:09:27.722] [Render thread/INFO] [net.minecraft.client.renderer.DynamicUniformStorage/]: Resizing Chunk Sections UBO, capacity limit of 32 reached during a single frame. New capacity will be 64.
[02Jun2026 23:09:27.875] [Render thread/INFO] [net.minecraft.client.renderer.DynamicUniformStorage/]: Resizing Chunk Sections UBO, capacity limit of 64 reached during a single frame. New capacity will be 128.
[02Jun2026 23:09:28.035] [Render thread/INFO] [net.minecraft.client.renderer.DynamicUniformStorage/]: Resizing Chunk Sections UBO, capacity limit of 128 reached during a single frame. New capacity will be 256.
[02Jun2026 23:09:28.334] [Render thread/INFO] [net.minecraft.client.renderer.DynamicUniformStorage/]: Resizing Chunk Sections UBO, capacity limit of 256 reached during a single frame. New capacity will be 512.
[02Jun2026 23:09:37.912] [Render thread/INFO] [net.minecraft.advancements.AdvancementTree/]: Loaded 48 advancements
[02Jun2026 23:09:50.346] [Render thread/INFO] [net.minecraft.advancements.AdvancementTree/]: Loaded 53 advancements
[02Jun2026 23:10:08.786] [Render thread/INFO] [net.minecraft.advancements.AdvancementTree/]: Loaded 62 advancements
[02Jun2026 23:12:21.773] [Server thread/INFO] [net.minecraft.server.MinecraftServer/]: Dev has made the advancement [Hot Stuff]
[02Jun2026 23:12:21.786] [Render thread/INFO] [net.minecraft.client.gui.components.ChatComponent/]: [System] [CHAT] Dev has made the advancement [Hot Stuff]
[02Jun2026 23:12:21.793] [Render thread/INFO] [net.minecraft.advancements.AdvancementTree/]: Loaded 65 advancements
[02Jun2026 23:12:59.471] [Server thread/INFO] [net.minecraft.client.server.IntegratedServer/]: Saving and pausing game...
[02Jun2026 23:12:59.506] [Server thread/INFO] [net.minecraft.server.MinecraftServer/]: Saving chunks for level 'ServerLevel[Block Test]'/minecraft:overworld
[02Jun2026 23:12:59.519] [Server thread/INFO] [net.minecraft.server.MinecraftServer/]: Saving chunks for level 'ServerLevel[Block Test]'/minecraft:the_nether
[02Jun2026 23:12:59.521] [Server thread/INFO] [net.minecraft.server.MinecraftServer/]: Saving chunks for level 'ServerLevel[Block Test]'/minecraft:the_end
[02Jun2026 23:13:00.072] [Server thread/INFO] [net.minecraft.server.MinecraftServer/]: Stopping server
[02Jun2026 23:13:00.074] [Server thread/INFO] [net.minecraft.server.MinecraftServer/]: Saving players
[02Jun2026 23:13:00.091] [Server thread/INFO] [net.minecraft.server.network.ServerGamePacketListenerImpl/]: Dev lost connection: Disconnected
[02Jun2026 23:13:00.091] [Server thread/INFO] [net.minecraft.server.MinecraftServer/]: Dev left the game
[02Jun2026 23:13:00.108] [Server thread/INFO] [net.minecraft.server.network.ServerCommonPacketListenerImpl/]: Stopping singleplayer server as player logged out
[02Jun2026 23:13:00.109] [Server thread/INFO] [net.minecraft.server.MinecraftServer/]: Saving worlds
[02Jun2026 23:13:00.219] [Server thread/INFO] [net.minecraft.server.MinecraftServer/]: Saving chunks for level 'ServerLevel[Block Test]'/minecraft:overworld
[02Jun2026 23:13:00.251] [Server thread/INFO] [net.minecraft.server.MinecraftServer/]: Saving chunks for level 'ServerLevel[Block Test]'/minecraft:the_nether
[02Jun2026 23:13:00.258] [Server thread/INFO] [net.minecraft.server.MinecraftServer/]: Saving chunks for level 'ServerLevel[Block Test]'/minecraft:the_end
[02Jun2026 23:13:00.273] [Server thread/INFO] [net.minecraft.server.MinecraftServer/]: ThreadedAnvilChunkStorage (world): All chunks are saved
[02Jun2026 23:13:00.274] [Server thread/INFO] [net.minecraft.server.MinecraftServer/]: ThreadedAnvilChunkStorage (DIM-1): All chunks are saved
[02Jun2026 23:13:00.274] [Server thread/INFO] [net.minecraft.server.MinecraftServer/]: ThreadedAnvilChunkStorage (DIM1): All chunks are saved
[02Jun2026 23:13:00.274] [Server thread/INFO] [net.minecraft.server.MinecraftServer/]: ThreadedAnvilChunkStorage: All dimensions are saved
[02Jun2026 23:13:00.951] [Render thread/INFO] [net.minecraft.client.Minecraft/]: Stopping!
